Archive member included to satisfy reference by file (symbol)

C:\Users\matia\Documents\MCUXpressoIDE_10.1.1_606\workspace\lpc_board_nxp_lpcxpresso_1769\Debug\liblpc_board_nxp_lpcxpresso_1769.a(board.o)
                              ./lpc_yogurera_proj/src/Proyecto_Yogurera.o (Board_LED_Set)
C:\Users\matia\Documents\MCUXpressoIDE_10.1.1_606\workspace\lpc_board_nxp_lpcxpresso_1769\Debug\liblpc_board_nxp_lpcxpresso_1769.a(board_sysinit.o)
                              ./lpc_yogurera_proj/src/sysinit.o (Board_SystemInit)
C:\Users\matia\Documents\MCUXpressoIDE_10.1.1_606\workspace\lpc_chip_175x_6x\Debug\liblpc_chip_175x_6x.a(chip_17xx_40xx.o)
                              ./lpc_yogurera_proj/src/Proyecto_Yogurera.o (SystemCoreClockUpdate)
C:\Users\matia\Documents\MCUXpressoIDE_10.1.1_606\workspace\lpc_chip_175x_6x\Debug\liblpc_chip_175x_6x.a(clock_17xx_40xx.o)
                              C:\Users\matia\Documents\MCUXpressoIDE_10.1.1_606\workspace\lpc_chip_175x_6x\Debug\liblpc_chip_175x_6x.a(chip_17xx_40xx.o) (Chip_Clock_EnablePLL)
C:\Users\matia\Documents\MCUXpressoIDE_10.1.1_606\workspace\lpc_chip_175x_6x\Debug\liblpc_chip_175x_6x.a(i2s_17xx_40xx.o)
                              C:\Users\matia\Documents\MCUXpressoIDE_10.1.1_606\workspace\lpc_board_nxp_lpcxpresso_1769\Debug\liblpc_board_nxp_lpcxpresso_1769.a(board.o) (Chip_I2S_Init)
C:\Users\matia\Documents\MCUXpressoIDE_10.1.1_606\workspace\lpc_chip_175x_6x\Debug\liblpc_chip_175x_6x.a(iocon_17xx_40xx.o)
                              C:\Users\matia\Documents\MCUXpressoIDE_10.1.1_606\workspace\lpc_board_nxp_lpcxpresso_1769\Debug\liblpc_board_nxp_lpcxpresso_1769.a(board.o) (Chip_IOCON_PinMux)
C:\Users\matia\Documents\MCUXpressoIDE_10.1.1_606\workspace\lpc_chip_175x_6x\Debug\liblpc_chip_175x_6x.a(sysinit_17xx_40xx.o)
                              C:\Users\matia\Documents\MCUXpressoIDE_10.1.1_606\workspace\lpc_board_nxp_lpcxpresso_1769\Debug\liblpc_board_nxp_lpcxpresso_1769.a(board_sysinit.o) (Chip_SetupXtalClocking)
C:\Users\matia\Documents\MCUXpressoIDE_10.1.1_606\workspace\lpc_chip_175x_6x\Debug\liblpc_chip_175x_6x.a(uart_17xx_40xx.o)
                              C:\Users\matia\Documents\MCUXpressoIDE_10.1.1_606\workspace\lpc_board_nxp_lpcxpresso_1769\Debug\liblpc_board_nxp_lpcxpresso_1769.a(board.o) (Chip_UART_Init)
C:\Users\matia\Documents\MCUXpressoIDE_10.1.1_606\workspace\lpc_chip_175x_6x\Debug\liblpc_chip_175x_6x.a(ring_buffer.o)
                              C:\Users\matia\Documents\MCUXpressoIDE_10.1.1_606\workspace\lpc_chip_175x_6x\Debug\liblpc_chip_175x_6x.a(uart_17xx_40xx.o) (RingBuffer_Insert)
c:/nxp/mcuxpressoide_10.1.1_606/ide/tools/bin/../lib/gcc/arm-none-eabi/6.3.1/../../../../arm-none-eabi/lib/thumb/v7-m\libcr_c.a(memcpy.o)
                              C:\Users\matia\Documents\MCUXpressoIDE_10.1.1_606\workspace\lpc_board_nxp_lpcxpresso_1769\Debug\liblpc_board_nxp_lpcxpresso_1769.a(board.o) (memcpy)
c:/nxp/mcuxpressoide_10.1.1_606/ide/tools/bin/../lib/gcc/arm-none-eabi/6.3.1/../../../../arm-none-eabi/lib/thumb/v7-m\libcr_c.a(__weak__main.o)
                              ./lpc_yogurera_proj/src/cr_startup_lpc175x_6x.o (__main)
c:/nxp/mcuxpressoide_10.1.1_606/ide/tools/bin/../lib/gcc/arm-none-eabi/6.3.1/thumb/v7-m\libcr_eabihelpers.a(division_64.o)
                              C:\Users\matia\Documents\MCUXpressoIDE_10.1.1_606\workspace\lpc_chip_175x_6x\Debug\liblpc_chip_175x_6x.a(i2s_17xx_40xx.o) (__aeabi_uldivmod)
c:/nxp/mcuxpressoide_10.1.1_606/ide/tools/bin/../lib/gcc/arm-none-eabi/6.3.1/thumb/v7-m\libcr_eabihelpers.a(division_idiv0.o)
                              c:/nxp/mcuxpressoide_10.1.1_606/ide/tools/bin/../lib/gcc/arm-none-eabi/6.3.1/thumb/v7-m\libcr_eabihelpers.a(division_64.o) (__aeabi_idiv0)
c:/nxp/mcuxpressoide_10.1.1_606/ide/tools/bin/../lib/gcc/arm-none-eabi/6.3.1/thumb/v7-m\libcr_eabihelpers.a(memcpy.o)
                              c:/nxp/mcuxpressoide_10.1.1_606/ide/tools/bin/../lib/gcc/arm-none-eabi/6.3.1/../../../../arm-none-eabi/lib/thumb/v7-m\libcr_c.a(memcpy.o) (__aeabi_memcpy)

Allocating common symbols
Common symbol       size              file

SystemCoreClock     0x4               C:\Users\matia\Documents\MCUXpressoIDE_10.1.1_606\workspace\lpc_chip_175x_6x\Debug\liblpc_chip_175x_6x.a(chip_17xx_40xx.o)

Discarded input sections

 .group         0x00000000        0x8 ./lpc_yogurera_proj/src/Proyecto_Yogurera.o
 .group         0x00000000        0x8 ./lpc_yogurera_proj/src/Proyecto_Yogurera.o
 .group         0x00000000        0x8 ./lpc_yogurera_proj/src/Proyecto_Yogurera.o
 .group         0x00000000        0x8 ./lpc_yogurera_proj/src/Proyecto_Yogurera.o
 .group         0x00000000        0x8 ./lpc_yogurera_proj/src/Proyecto_Yogurera.o
 .group         0x00000000        0x8 ./lpc_yogurera_proj/src/Proyecto_Yogurera.o
 .group         0x00000000        0x8 ./lpc_yogurera_proj/src/Proyecto_Yogurera.o
 .group         0x00000000        0x8 ./lpc_yogurera_proj/src/Proyecto_Yogurera.o
[...]
Memory Configuration

Name             Origin             Length             Attributes
MFlash512        0x00000000         0x00080000         xr
RamLoc32         0x10000000         0x00008000         xrw
RamAHB32         0x2007c000         0x00008000         xrw
*default*        0x00000000         0xffffffff

Linker script and memory map

LOAD ./lpc_yogurera_proj/src/Proyecto_Yogurera.o
LOAD ./lpc_yogurera_proj/src/cr_startup_lpc175x_6x.o
LOAD ./lpc_yogurera_proj/src/crp.o
LOAD ./lpc_yogurera_proj/src/sysinit.o
LOAD ./lpc_yogurera_lib/Modulo_de_Relay.o
LOAD ./lpc_yogurera_lib/Sensor_de_Temperatura.o
LOAD C:\Users\matia\Documents\MCUXpressoIDE_10.1.1_606\workspace\lpc_board_nxp_lpcxpresso_1769\Debug\liblpc_board_nxp_lpcxpresso_1769.a
LOAD C:\Users\matia\Documents\MCUXpressoIDE_10.1.1_606\workspace\lpc_chip_175x_6x\Debug\liblpc_chip_175x_6x.a
START GROUP
LOAD c:/nxp/mcuxpressoide_10.1.1_606/ide/tools/bin/../lib/gcc/arm-none-eabi/6.3.1/../../../../arm-none-eabi/lib/thumb/v7-m\libcr_c.a
LOAD c:/nxp/mcuxpressoide_10.1.1_606/ide/tools/bin/../lib/gcc/arm-none-eabi/6.3.1/thumb/v7-m\libcr_eabihelpers.a
END GROUP
                0x00000000                __base_MFlash512 = 0x0
                0x00000000                __base_Flash = 0x0
                0x00080000                __top_MFlash512 = 0x80000
                0x00080000                __top_Flash = 0x80000
                0x10000000                __base_RamLoc32 = 0x10000000
                0x10000000                __base_RAM = 0x10000000
                0x10008000                __top_RamLoc32 = 0x10008000
                0x10008000                __top_RAM = 0x10008000
                0x2007c000                __base_RamAHB32 = 0x2007c000
                0x2007c000                __base_RAM2 = 0x2007c000
                0x20084000                __top_RamAHB32 = 0x20084000
                0x20084000                __top_RAM2 = 0x20084000

.text           0x00000000     0x1124
 FILL mask 0xff
                0x00000000                __vectors_start__ = ABSOLUTE (.)
 *(.isr_vector)
 .isr_vector    0x00000000       0xcc ./lpc_yogurera_proj/src/cr_startup_lpc175x_6x.o
                0x00000000                g_pfnVectors
                0x000000cc                . = ALIGN (0x4)
                0x000000cc                __section_table_start = .
                0x000000cc                __data_section_table = .
                0x000000cc        0x4 LONG 0x1124 LOADADDR (.data)
                0x000000d0        0x4 LONG 0x10000000 ADDR (.data)
                0x000000d4        0x4 LONG 0x4 SIZEOF (.data)
                0x000000d8        0x4 LONG 0x1124 LOADADDR (.data_RAM2)
                0x000000dc        0x4 LONG 0x2007c000 ADDR (.data_RAM2)
                0x000000e0        0x4 LONG 0x0 SIZEOF (.data_RAM2)
                0x000000e4                __data_section_table_end = .
                0x000000e4                __bss_section_table = .
                0x000000e4        0x4 LONG 0x10000004 ADDR (.bss)
                0x000000e8        0x4 LONG 0x8 SIZEOF (.bss)
                0x000000ec        0x4 LONG 0x2007c000 ADDR (.bss_RAM2)
                0x000000f0        0x4 LONG 0x0 SIZEOF (.bss_RAM2)
                0x000000f4                __bss_section_table_end = .
                0x000000f4                __section_table_end = .
 *(.after_vectors*)
 .after_vectors
                0x000000f4      0x12c ./lpc_yogurera_proj/src/cr_startup_lpc175x_6x.o
                0x000000f4                data_init
                0x00000136                bss_init
                0x0000016c                ResetISR
                0x000001e4                NMI_Handler
                0x000001ea                HardFault_Handler
                0x000001f0                MemManage_Handler
                0x000001f6                BusFault_Handler
                0x000001fc                UsageFault_Handler
                0x00000202                SVC_Handler
                0x00000208                DebugMon_Handler
                0x0000020e                PendSV_Handler
                0x00000214                SysTick_Handler
                0x0000021a                EINT3_IRQHandler
                0x0000021a                CANActivity_IRQHandler
                0x0000021a                TIMER3_IRQHandler
                0x0000021a                UART0_IRQHandler
                0x0000021a                UART1_IRQHandler
                0x0000021a                EINT2_IRQHandler
                0x0000021a                USBActivity_IRQHandler
                0x0000021a                IntDefaultHandler
                0x0000021a                PLL0_IRQHandler
                0x0000021a                CAN_IRQHandler
                0x0000021a                I2C1_IRQHandler
                0x0000021a                SSP0_IRQHandler
                0x0000021a                I2S_IRQHandler
                0x0000021a                I2C2_IRQHandler
                0x0000021a                RTC_IRQHandler
                0x0000021a                TIMER0_IRQHandler
                0x0000021a                SPI_IRQHandler
                0x0000021a                RIT_IRQHandler
                0x0000021a                EINT1_IRQHandler
                0x0000021a                TIMER1_IRQHandler
                0x0000021a                UART2_IRQHandler
                0x0000021a                ADC_IRQHandler
                0x0000021a                SSP1_IRQHandler
                0x0000021a                USB_IRQHandler
                0x0000021a                BOD_IRQHandler
                0x0000021a                I2C0_IRQHandler
                0x0000021a                WDT_IRQHandler
                0x0000021a                PWM1_IRQHandler
                0x0000021a                QEI_IRQHandler
                0x0000021a                EINT0_IRQHandler
                0x0000021a                ETH_IRQHandler
                0x0000021a                PLL1_IRQHandler
                0x0000021a                DMA_IRQHandler
                0x0000021a                TIMER2_IRQHandler
                0x0000021a                UART3_IRQHandler
                0x0000021a                MCPWM_IRQHandler
                0x000002fc                . = 0x2fc
 *fill*         0x00000220       0xdc ff
                0x000002fc                PROVIDE (__CRP_WORD_START__, .)
 *(.crp)
 .crp           0x000002fc        0x4 ./lpc_yogurera_proj/src/crp.o
                0x000002fc                CRP_WORD
                0x00000300                PROVIDE (__CRP_WORD_END__, .)
                0x00000001                ASSERT (! ((__CRP_WORD_START__ == __CRP_WORD_END__)), Linker CRP Enabled, but no CRP_WORD provided within application)
 *(.text*)
 .text.main     0x00000300       0x38 ./lpc_yogurera_proj/src/Proyecto_Yogurera.o
                0x00000300                main
 .text.SystemInit
                0x00000338       0x24 ./lpc_yogurera_proj/src/sysinit.o
                0x00000338                SystemInit
 .text.Chip_GPIO_SetPinDIROutput
                0x0000035c       0x38 ./lpc_yogurera_lib/Modulo_de_Relay.o
 .text.Chip_GPIO_SetPinDIRInput
                0x00000394       0x3a ./lpc_yogurera_lib/Modulo_de_Relay.o
 .text.Chip_GPIO_SetPinDIR
                0x000003ce       0x42 ./lpc_yogurera_lib/Modulo_de_Relay.o
 .text.Chip_GPIO_SetDir
                0x00000410       0x34 ./lpc_yogurera_lib/Modulo_de_Relay.o
 .text.Chip_GPIO_SetPinOutHigh
                0x00000444       0x2c ./lpc_yogurera_lib/Modulo_de_Relay.o
 .text.Chip_GPIO_SetPinOutLow
                0x00000470       0x2c ./lpc_yogurera_lib/Modulo_de_Relay.o
 .text.initOutput
                0x0000049c       0x28 ./lpc_yogurera_lib/Modulo_de_Relay.o
                0x0000049c                initOutput
 .text.initRelays
                0x000004c4       0x58 ./lpc_yogurera_lib/Modulo_de_Relay.o
                0x000004c4                initRelays
 .text.Chip_IOCON_Init
                0x0000051c       0x16 C:\Users\matia\Documents\MCUXpressoIDE_10.1.1_606\workspace\lpc_board_nxp_lpcxpresso_1769\Debug\liblpc_board_nxp_lpcxpresso_1769.a(board.o)
 .text.Chip_GPIO_Init
                0x00000532       0x16 C:\Users\matia\Documents\MCUXpressoIDE_10.1.1_606\workspace\lpc_board_nxp_lpcxpresso_1769\Debug\liblpc_board_nxp_lpcxpresso_1769.a(board.o)
 .text.Chip_GPIO_SetPinState
                0x00000548       0x68 C:\Users\matia\Documents\MCUXpressoIDE_10.1.1_606\workspace\lpc_board_nxp_lpcxpresso_1769\Debug\liblpc_board_nxp_lpcxpresso_1769.a(board.o)
 .text.Chip_GPIO_WritePortBit
                0x000005b0       0x2c C:\Users\matia\Documents\MCUXpressoIDE_10.1.1_606\workspace\lpc_board_nxp_lpcxpresso_1769\Debug\liblpc_board_nxp_lpcxpresso_1769.a(board.o)
 .text.Chip_GPIO_SetPinDIROutput
                0x000005dc       0x38 C:\Users\matia\Documents\MCUXpressoIDE_10.1.1_606\workspace\lpc_board_nxp_lpcxpresso_1769\Debug\liblpc_board_nxp_lpcxpresso_1769.a(board.o)
 .text.Chip_GPIO_SetPinDIRInput
                0x00000614       0x3a C:\Users\matia\Documents\MCUXpressoIDE_10.1.1_606\workspace\lpc_board_nxp_lpcxpresso_1769\Debug\liblpc_board_nxp_lpcxpresso_1769.a(board.o)
 .text.Chip_GPIO_SetPinDIR
                0x0000064e       0x42 C:\Users\matia\Documents\MCUXpressoIDE_10.1.1_606\workspace\lpc_board_nxp_lpcxpresso_1769\Debug\liblpc_board_nxp_lpcxpresso_1769.a(board.o)
 .text.Chip_GPIO_WriteDirBit
                0x00000690       0x2e C:\Users\matia\Documents\MCUXpressoIDE_10.1.1_606\workspace\lpc_board_nxp_lpcxpresso_1769\Debug\liblpc_board_nxp_lpcxpresso_1769.a(board.o)
 .text.Chip_UART_ConfigData
                0x000006be       0x1a C:\Users\matia\Documents\MCUXpressoIDE_10.1.1_606\workspace\lpc_board_nxp_lpcxpresso_1769\Debug\liblpc_board_nxp_lpcxpresso_1769.a(board.o)
 .text.Board_LED_Init
                0x000006d8       0x18 C:\Users\matia\Documents\MCUXpressoIDE_10.1.1_606\workspace\lpc_board_nxp_lpcxpresso_1769\Debug\liblpc_board_nxp_lpcxpresso_1769.a(board.o)
 .text.Board_UART_Init
                0x000006f0       0x12 C:\Users\matia\Documents\MCUXpressoIDE_10.1.1_606\workspace\lpc_board_nxp_lpcxpresso_1769\Debug\liblpc_board_nxp_lpcxpresso_1769.a(board.o)
                0x000006f0                Board_UART_Init
 *fill*         0x00000702        0x2 ff
 .text.Board_Debug_Init
                0x00000704       0x30 C:\Users\matia\Documents\MCUXpressoIDE_10.1.1_606\workspace\lpc_board_nxp_lpcxpresso_1769\Debug\liblpc_board_nxp_lpcxpresso_1769.a(board.o)
                0x00000704                Board_Debug_Init
 .text.Board_LED_Set
                0x00000734       0x30 C:\Users\matia\Documents\MCUXpressoIDE_10.1.1_606\workspace\lpc_board_nxp_lpcxpresso_1769\Debug\liblpc_board_nxp_lpcxpresso_1769.a(board.o)
                0x00000734                Board_LED_Set
 .text.Board_Init
                0x00000764       0x24 C:\Users\matia\Documents\MCUXpressoIDE_10.1.1_606\workspace\lpc_board_nxp_lpcxpresso_1769\Debug\liblpc_board_nxp_lpcxpresso_1769.a(board.o)
                0x00000764                Board_Init
 .text.Chip_SYSCTL_SetFLASHAccess
                0x00000788       0x30 C:\Users\matia\Documents\MCUXpressoIDE_10.1.1_606\workspace\lpc_board_nxp_lpcxpresso_1769\Debug\liblpc_board_nxp_lpcxpresso_1769.a(board_sysinit.o)
 .text.Board_SetupMuxing
                0x000007b8       0x1c C:\Users\matia\Documents\MCUXpressoIDE_10.1.1_606\workspace\lpc_board_nxp_lpcxpresso_1769\Debug\liblpc_board_nxp_lpcxpresso_1769.a(board_sysinit.o)
                0x000007b8                Board_SetupMuxing
 .text.Board_SetupClocking
                0x000007d4       0x12 C:\Users\matia\Documents\MCUXpressoIDE_10.1.1_606\workspace\lpc_board_nxp_lpcxpresso_1769\Debug\liblpc_board_nxp_lpcxpresso_1769.a(board_sysinit.o)
                0x000007d4                Board_SetupClocking
 .text.Board_SystemInit
                0x000007e6       0x10 C:\Users\matia\Documents\MCUXpressoIDE_10.1.1_606\workspace\lpc_board_nxp_lpcxpresso_1769\Debug\liblpc_board_nxp_lpcxpresso_1769.a(board_sysinit.o)
                0x000007e6                Board_SystemInit
 *fill*         0x000007f6        0x2 ff
 .text.SystemCoreClockUpdate
                0x000007f8       0x18 C:\Users\matia\Documents\MCUXpressoIDE_10.1.1_606\workspace\lpc_chip_175x_6x\Debug\liblpc_chip_175x_6x.a(chip_17xx_40xx.o)
                0x000007f8                SystemCoreClockUpdate
 .text.Chip_Clock_IsMainPLLEnabled
                0x00000810       0x24 C:\Users\matia\Documents\MCUXpressoIDE_10.1.1_606\workspace\lpc_chip_175x_6x\Debug\liblpc_chip_175x_6x.a(clock_17xx_40xx.o)
 .text.Chip_Clock_IsMainPLLConnected
                0x00000834       0x24 C:\Users\matia\Documents\MCUXpressoIDE_10.1.1_606\workspace\lpc_chip_175x_6x\Debug\liblpc_chip_175x_6x.a(clock_17xx_40xx.o)
 .text.Chip_Clock_FeedPLL
                0x00000858       0x34 C:\Users\matia\Documents\MCUXpressoIDE_10.1.1_606\workspace\lpc_chip_175x_6x\Debug\liblpc_chip_175x_6x.a(clock_17xx_40xx.o)
 .text.Chip_Clock_GetMainPLLSource
                0x0000088c       0x20 C:\Users\matia\Documents\MCUXpressoIDE_10.1.1_606\workspace\lpc_chip_175x_6x\Debug\liblpc_chip_175x_6x.a(clock_17xx_40xx.o)
 .text.Chip_Clock_GetMainOscRate
                0x000008ac       0x14 C:\Users\matia\Documents\MCUXpressoIDE_10.1.1_606\workspace\lpc_chip_175x_6x\Debug\liblpc_chip_175x_6x.a(clock_17xx_40xx.o)
 .text.Chip_Clock_GetIntOscRate
                0x000008c0       0x14 C:\Users\matia\Documents\MCUXpressoIDE_10.1.1_606\workspace\lpc_chip_175x_6x\Debug\liblpc_chip_175x_6x.a(clock_17xx_40xx.o)
 .text.Chip_Clock_GetRTCOscRate
                0x000008d4       0x14 C:\Users\matia\Documents\MCUXpressoIDE_10.1.1_606\workspace\lpc_chip_175x_6x\Debug\liblpc_chip_175x_6x.a(clock_17xx_40xx.o)
 .text.Chip_Clock_GetMainPLLInClockRate
                0x000008e8        0xe C:\Users\matia\Documents\MCUXpressoIDE_10.1.1_606\workspace\lpc_chip_175x_6x\Debug\liblpc_chip_175x_6x.a(clock_17xx_40xx.o)
 *fill*         0x000008f6        0x2 ff
 .text.Chip_Clock_EnablePLL
                0x000008f8       0x44 C:\Users\matia\Documents\MCUXpressoIDE_10.1.1_606\workspace\lpc_chip_175x_6x\Debug\liblpc_chip_175x_6x.a(clock_17xx_40xx.o)
                0x000008f8                Chip_Clock_EnablePLL
 .text.Chip_Clock_DisablePLL
                0x0000093c       0x48 C:\Users\matia\Documents\MCUXpressoIDE_10.1.1_606\workspace\lpc_chip_175x_6x\Debug\liblpc_chip_175x_6x.a(clock_17xx_40xx.o)
                0x0000093c                Chip_Clock_DisablePLL
 .text.Chip_Clock_SetupPLL
                0x00000984       0x5c C:\Users\matia\Documents\MCUXpressoIDE_10.1.1_606\workspace\lpc_chip_175x_6x\Debug\liblpc_chip_175x_6x.a(clock_17xx_40xx.o)
                0x00000984                Chip_Clock_SetupPLL
 .text.Chip_Clock_EnablePeriphClock
                0x000009e0       0x34 C:\Users\matia\Documents\MCUXpressoIDE_10.1.1_606\workspace\lpc_chip_175x_6x\Debug\liblpc_chip_175x_6x.a(clock_17xx_40xx.o)
                0x000009e0                Chip_Clock_EnablePeriphClock
 .text.Chip_Clock_GetCPUClockSource
                0x00000a14       0x24 C:\Users\matia\Documents\MCUXpressoIDE_10.1.1_606\workspace\lpc_chip_175x_6x\Debug\liblpc_chip_175x_6x.a(clock_17xx_40xx.o)
                0x00000a14                Chip_Clock_GetCPUClockSource
 .text.Chip_Clock_SetCPUClockDiv
                0x00000a38       0x20 C:\Users\matia\Documents\MCUXpressoIDE_10.1.1_606\workspace\lpc_chip_175x_6x\Debug\liblpc_chip_175x_6x.a(clock_17xx_40xx.o)
                0x00000a38                Chip_Clock_SetCPUClockDiv
 .text.Chip_Clock_GetCPUClockDiv
                0x00000a58       0x1c C:\Users\matia\Documents\MCUXpressoIDE_10.1.1_606\workspace\lpc_chip_175x_6x\Debug\liblpc_chip_175x_6x.a(clock_17xx_40xx.o)
                0x00000a58                Chip_Clock_GetCPUClockDiv
 .text.Chip_Clock_GetPCLKDiv
                0x00000a74       0x8c C:\Users\matia\Documents\MCUXpressoIDE_10.1.1_606\workspace\lpc_chip_175x_6x\Debug\liblpc_chip_175x_6x.a(clock_17xx_40xx.o)
                0x00000a74                Chip_Clock_GetPCLKDiv
 .text.Chip_Clock_GetSYSCLKRate
                0x00000b00       0x34 C:\Users\matia\Documents\MCUXpressoIDE_10.1.1_606\workspace\lpc_chip_175x_6x\Debug\liblpc_chip_175x_6x.a(clock_17xx_40xx.o)
                0x00000b00                Chip_Clock_GetSYSCLKRate
 .text.Chip_Clock_GetMainPLLOutClockRate
                0x00000b34       0x54 C:\Users\matia\Documents\MCUXpressoIDE_10.1.1_606\workspace\lpc_chip_175x_6x\Debug\liblpc_chip_175x_6x.a(clock_17xx_40xx.o)
                0x00000b34                Chip_Clock_GetMainPLLOutClockRate
 .text.Chip_Clock_GetMainClockRate
                0x00000b88       0x28 C:\Users\matia\Documents\MCUXpressoIDE_10.1.1_606\workspace\lpc_chip_175x_6x\Debug\liblpc_chip_175x_6x.a(clock_17xx_40xx.o)
                0x00000b88                Chip_Clock_GetMainClockRate
 .text.Chip_Clock_GetSystemClockRate
                0x00000bb0       0x18 C:\Users\matia\Documents\MCUXpressoIDE_10.1.1_606\workspace\lpc_chip_175x_6x\Debug\liblpc_chip_175x_6x.a(clock_17xx_40xx.o)
                0x00000bb0                Chip_Clock_GetSystemClockRate
 .text.Chip_Clock_GetPeripheralClockRate
                0x00000bc8       0x26 C:\Users\matia\Documents\MCUXpressoIDE_10.1.1_606\workspace\lpc_chip_175x_6x\Debug\liblpc_chip_175x_6x.a(clock_17xx_40xx.o)
                0x00000bc8                Chip_Clock_GetPeripheralClockRate
 .text.Chip_IOCON_PinMuxSet
                0x00000bee       0x36 C:\Users\matia\Documents\MCUXpressoIDE_10.1.1_606\workspace\lpc_chip_175x_6x\Debug\liblpc_chip_175x_6x.a(iocon_17xx_40xx.o)
                0x00000bee                Chip_IOCON_PinMuxSet
 .text.Chip_IOCON_PinMux
                0x00000c24       0x92 C:\Users\matia\Documents\MCUXpressoIDE_10.1.1_606\workspace\lpc_chip_175x_6x\Debug\liblpc_chip_175x_6x.a(iocon_17xx_40xx.o)
                0x00000c24                Chip_IOCON_PinMux
 .text.Chip_IOCON_SetPinMuxing
                0x00000cb6       0x62 C:\Users\matia\Documents\MCUXpressoIDE_10.1.1_606\workspace\lpc_chip_175x_6x\Debug\liblpc_chip_175x_6x.a(iocon_17xx_40xx.o)
                0x00000cb6                Chip_IOCON_SetPinMuxing
 .text.Chip_Clock_IsMainPLLEnabled
                0x00000d18       0x24 C:\Users\matia\Documents\MCUXpressoIDE_10.1.1_606\workspace\lpc_chip_175x_6x\Debug\liblpc_chip_175x_6x.a(sysinit_17xx_40xx.o)
 .text.Chip_Clock_IsMainPLLLocked
                0x00000d3c       0x24 C:\Users\matia\Documents\MCUXpressoIDE_10.1.1_606\workspace\lpc_chip_175x_6x\Debug\liblpc_chip_175x_6x.a(sysinit_17xx_40xx.o)
 .text.Chip_Clock_IsMainPLLConnected
                0x00000d60       0x24 C:\Users\matia\Documents\MCUXpressoIDE_10.1.1_606\workspace\lpc_chip_175x_6x\Debug\liblpc_chip_175x_6x.a(sysinit_17xx_40xx.o)
 .text.Chip_Clock_EnableCrystal
                0x00000d84       0x20 C:\Users\matia\Documents\MCUXpressoIDE_10.1.1_606\workspace\lpc_chip_175x_6x\Debug\liblpc_chip_175x_6x.a(sysinit_17xx_40xx.o)
 .text.Chip_Clock_IsCrystalEnabled
                0x00000da4       0x24 C:\Users\matia\Documents\MCUXpressoIDE_10.1.1_606\workspace\lpc_chip_175x_6x\Debug\liblpc_chip_175x_6x.a(sysinit_17xx_40xx.o)
 .text.Chip_Clock_SetMainPLLSource
                0x00000dc8       0x20 C:\Users\matia\Documents\MCUXpressoIDE_10.1.1_606\workspace\lpc_chip_175x_6x\Debug\liblpc_chip_175x_6x.a(sysinit_17xx_40xx.o)
 .text.Chip_SetupXtalClocking
                0x00000de8       0x90 C:\Users\matia\Documents\MCUXpressoIDE_10.1.1_606\workspace\lpc_chip_175x_6x\Debug\liblpc_chip_175x_6x.a(sysinit_17xx_40xx.o)
                0x00000de8                Chip_SetupXtalClocking
 .text.Chip_UART_SetupFIFOS
                0x00000e78       0x1a C:\Users\matia\Documents\MCUXpressoIDE_10.1.1_606\workspace\lpc_chip_175x_6x\Debug\liblpc_chip_175x_6x.a(uart_17xx_40xx.o)
 .text.Chip_UART_ConfigData
                0x00000e92       0x1a C:\Users\matia\Documents\MCUXpressoIDE_10.1.1_606\workspace\lpc_chip_175x_6x\Debug\liblpc_chip_175x_6x.a(uart_17xx_40xx.o)
 .text.Chip_UART_EnableDivisorAccess
                0x00000eac       0x1e C:\Users\matia\Documents\MCUXpressoIDE_10.1.1_606\workspace\lpc_chip_175x_6x\Debug\liblpc_chip_175x_6x.a(uart_17xx_40xx.o)
 .text.Chip_UART_DisableDivisorAccess
                0x00000eca       0x1e C:\Users\matia\Documents\MCUXpressoIDE_10.1.1_606\workspace\lpc_chip_175x_6x\Debug\liblpc_chip_175x_6x.a(uart_17xx_40xx.o)
 .text.Chip_UART_SetDivisorLatches
                0x00000ee8       0x26 C:\Users\matia\Documents\MCUXpressoIDE_10.1.1_606\workspace\lpc_chip_175x_6x\Debug\liblpc_chip_175x_6x.a(uart_17xx_40xx.o)
 *fill*         0x00000f0e        0x2 ff
 .text.Chip_UART_GetClockIndex
                0x00000f10       0x50 C:\Users\matia\Documents\MCUXpressoIDE_10.1.1_606\workspace\lpc_chip_175x_6x\Debug\liblpc_chip_175x_6x.a(uart_17xx_40xx.o)
 .text.Chip_UART_GetClkIndex
                0x00000f60       0x50 C:\Users\matia\Documents\MCUXpressoIDE_10.1.1_606\workspace\lpc_chip_175x_6x\Debug\liblpc_chip_175x_6x.a(uart_17xx_40xx.o)
 .text.Chip_UART_Init
                0x00000fb0       0x78 C:\Users\matia\Documents\MCUXpressoIDE_10.1.1_606\workspace\lpc_chip_175x_6x\Debug\liblpc_chip_175x_6x.a(uart_17xx_40xx.o)
                0x00000fb0                Chip_UART_Init
 .text.Chip_UART_TXEnable
                0x00001028       0x18 C:\Users\matia\Documents\MCUXpressoIDE_10.1.1_606\workspace\lpc_chip_175x_6x\Debug\liblpc_chip_175x_6x.a(uart_17xx_40xx.o)
                0x00001028                Chip_UART_TXEnable
 .text.Chip_UART_TXDisable
                0x00001040       0x18 C:\Users\matia\Documents\MCUXpressoIDE_10.1.1_606\workspace\lpc_chip_175x_6x\Debug\liblpc_chip_175x_6x.a(uart_17xx_40xx.o)
                0x00001040                Chip_UART_TXDisable
 .text.Chip_UART_SetBaud
                0x00001058       0x62 C:\Users\matia\Documents\MCUXpressoIDE_10.1.1_606\workspace\lpc_chip_175x_6x\Debug\liblpc_chip_175x_6x.a(uart_17xx_40xx.o)
                0x00001058                Chip_UART_SetBaud
 .text.__weak_main
                0x000010ba        0x4 c:/nxp/mcuxpressoide_10.1.1_606/ide/tools/bin/../lib/gcc/arm-none-eabi/6.3.1/../../../../arm-none-eabi/lib/thumb/v7-m\libcr_c.a(__weak__main.o)
                0x000010ba                __weak_main
                0x000010ba                __main
 *(.rodata .rodata.* .constdata .constdata.*)
 *fill*         0x000010be        0x2 ff
 .rodata.OscRateIn
                0x000010c0        0x4 C:\Users\matia\Documents\MCUXpressoIDE_10.1.1_606\workspace\lpc_board_nxp_lpcxpresso_1769\Debug\liblpc_board_nxp_lpcxpresso_1769.a(board.o)
                0x000010c0                OscRateIn
 .rodata.RTCOscRateIn
                0x000010c4        0x4 C:\Users\matia\Documents\MCUXpressoIDE_10.1.1_606\workspace\lpc_board_nxp_lpcxpresso_1769\Debug\liblpc_board_nxp_lpcxpresso_1769.a(board.o)
                0x000010c4                RTCOscRateIn
 .rodata.pinmuxing
                0x000010c8       0x5c C:\Users\matia\Documents\MCUXpressoIDE_10.1.1_606\workspace\lpc_board_nxp_lpcxpresso_1769\Debug\liblpc_board_nxp_lpcxpresso_1769.a(board_sysinit.o)
                0x00001124                . = ALIGN (0x4)

.glue_7         0x00001124        0x0
 .glue_7        0x00001124        0x0 linker stubs

.glue_7t        0x00001124        0x0
 .glue_7t       0x00001124        0x0 linker stubs

.vfp11_veneer   0x00001124        0x0
 .vfp11_veneer  0x00001124        0x0 linker stubs

.v4_bx          0x00001124        0x0
 .v4_bx         0x00001124        0x0 linker stubs

.iplt           0x00001124        0x0
 .iplt          0x00001124        0x0 ./lpc_yogurera_proj/src/Proyecto_Yogurera.o

.rel.dyn        0x00001124        0x0
 .rel.iplt      0x00001124        0x0 ./lpc_yogurera_proj/src/Proyecto_Yogurera.o

.ARM.extab
 *(.ARM.extab* .gnu.linkonce.armextab.*)
                0x00001124                __exidx_start = .

.ARM.exidx
 *(.ARM.exidx* .gnu.linkonce.armexidx.*)
                0x00001124                __exidx_end = .
                0x00001124                _etext = .

.data_RAM2      0x2007c000        0x0 load address 0x00001124
 FILL mask 0xff
                [!provide]                PROVIDE (__start_data_RAM2, .)
 *(.ramfunc.$RAM2)
 *(.ramfunc.$RamAHB32)
 *(.data.$RAM2*)
 *(.data.$RamAHB32*)
                0x2007c000                . = ALIGN (0x4)
                [!provide]                PROVIDE (__end_data_RAM2, .)

.uninit_RESERVED
                0x10000000        0x0
 *(.bss.$RESERVED*)
                0x10000000                . = ALIGN (0x4)
                0x10000000                _end_uninit_RESERVED = .

.data           0x10000000        0x4 load address 0x00001124
 FILL mask 0xff
                0x10000000                _data = .
 *(vtable)
 *(.ramfunc*)
 *(.data*)
 .data.LED_relay
                0x10000000        0x1 ./lpc_yogurera_lib/Modulo_de_Relay.o
                0x10000000                LED_relay
                0x10000004                . = ALIGN (0x4)
 *fill*         0x10000001        0x3 ff
                0x10000004                _edata = .

.igot.plt       0x10000004        0x0 load address 0x00001128
 .igot.plt      0x10000004        0x0 ./lpc_yogurera_proj/src/Proyecto_Yogurera.o

.bss_RAM2       0x2007c000        0x0
                [!provide]                PROVIDE (__start_bss_RAM2, .)
 *(.bss.$RAM2*)
 *(.bss.$RamAHB32*)
                0x2007c000                . = ALIGN ((. != 0x0)?0x4:0x1)
                [!provide]                PROVIDE (__end_bss_RAM2, .)

.bss            0x10000004        0x8
                0x10000004                _bss = .
 *(.bss*)
 .bss.i.7295    0x10000004        0x4 ./lpc_yogurera_proj/src/Proyecto_Yogurera.o
 *(COMMON)
 COMMON         0x10000008        0x4 C:\Users\matia\Documents\MCUXpressoIDE_10.1.1_606\workspace\lpc_chip_175x_6x\Debug\liblpc_chip_175x_6x.a(chip_17xx_40xx.o)
                0x10000008                SystemCoreClock
                0x1000000c                . = ALIGN (0x4)
                0x1000000c                _ebss = .
                [!provide]                PROVIDE (end, .)

.noinit_RAM2    0x2007c000        0x0
 *(.noinit.$RAM2*)
 *(.noinit.$RamAHB32*)
                0x2007c000                . = ALIGN (0x4)

.noinit         0x1000000c        0x0
                0x1000000c                _noinit = .
 *(.noinit*)
                0x1000000c                . = ALIGN (0x4)
                0x1000000c                _end_noinit = .
                [!provide]                PROVIDE (_pvHeapStart, DEFINED (__user_heap_base)?__user_heap_base:.)
                0x10008000                PROVIDE (_vStackTop, DEFINED (__user_stack_top)?__user_stack_top:(__top_RamLoc32 - 0x0))
                0xefff74de                PROVIDE (__valid_user_code_checksum, (0x0 - ((((((_vStackTop + (ResetISR + 0x1)) + (NMI_Handler + 0x1)) + (HardFault_Handler + 0x1)) + (DEFINED (MemManage_Handler)?MemManage_Handler:0x0 + 0x1)) + (DEFINED (BusFault_Handler)?BusFault_Handler:0x0 + 0x1)) + (DEFINED (UsageFault_Handler)?UsageFault_Handler:0x0 + 0x1))))
                0x00000000                _image_start = LOADADDR (.text)
                0x00001128                _image_end = (LOADADDR (.data) + SIZEOF (.data))
                0x00001128                _image_size = (_image_end - _image_start)
OUTPUT(Proyecto_Yogurera.axf elf32-littlearm)

.debug_info     0x00000000     0x500b
 .debug_info    0x00000000      0x246 ./lpc_yogurera_proj/src/Proyecto_Yogurera.o
 .debug_info    0x00000246      0x25c ./lpc_yogurera_proj/src/cr_startup_lpc175x_6x.o
 .debug_info    0x000004a2       0x3f ./lpc_yogurera_proj/src/crp.o
 .debug_info    0x000004e1      0x239 ./lpc_yogurera_proj/src/sysinit.o
 .debug_info    0x0000071a      0x572 ./lpc_yogurera_lib/Modulo_de_Relay.o
 .debug_info    0x00000c8c     0x150a C:\Users\matia\Documents\MCUXpressoIDE_10.1.1_606\workspace\lpc_board_nxp_lpcxpresso_1769\Debug\liblpc_board_nxp_lpcxpresso_1769.a(board.o)
 .debug_info    0x00002196      0x6c5 C:\Users\matia\Documents\MCUXpressoIDE_10.1.1_606\workspace\lpc_board_nxp_lpcxpresso_1769\Debug\liblpc_board_nxp_lpcxpresso_1769.a(board_sysinit.o)
 .debug_info    0x0000285b      0x55a C:\Users\matia\Documents\MCUXpressoIDE_10.1.1_606\workspace\lpc_chip_175x_6x\Debug\liblpc_chip_175x_6x.a(chip_17xx_40xx.o)
 .debug_info    0x00002db5      0xba2 C:\Users\matia\Documents\MCUXpressoIDE_10.1.1_606\workspace\lpc_chip_175x_6x\Debug\liblpc_chip_175x_6x.a(clock_17xx_40xx.o)
 .debug_info    0x00003957      0x325 C:\Users\matia\Documents\MCUXpressoIDE_10.1.1_606\workspace\lpc_chip_175x_6x\Debug\liblpc_chip_175x_6x.a(iocon_17xx_40xx.o)
 .debug_info    0x00003c7c      0x479 C:\Users\matia\Documents\MCUXpressoIDE_10.1.1_606\workspace\lpc_chip_175x_6x\Debug\liblpc_chip_175x_6x.a(sysinit_17xx_40xx.o)
 .debug_info    0x000040f5      0xf16 C:\Users\matia\Documents\MCUXpressoIDE_10.1.1_606\workspace\lpc_chip_175x_6x\Debug\liblpc_chip_175x_6x.a(uart_17xx_40xx.o)

.debug_abbrev   0x00000000     0x1422
 .debug_abbrev  0x00000000       0xd8 ./lpc_yogurera_proj/src/Proyecto_Yogurera.o
 .debug_abbrev  0x000000d8      0x114 ./lpc_yogurera_proj/src/cr_startup_lpc175x_6x.o
 .debug_abbrev  0x000001ec       0x36 ./lpc_yogurera_proj/src/crp.o
 .debug_abbrev  0x00000222       0xdd ./lpc_yogurera_proj/src/sysinit.o
 .debug_abbrev  0x000002ff      0x1b5 ./lpc_yogurera_lib/Modulo_de_Relay.o
 .debug_abbrev  0x000004b4      0x3c2 C:\Users\matia\Documents\MCUXpressoIDE_10.1.1_606\workspace\lpc_board_nxp_lpcxpresso_1769\Debug\liblpc_board_nxp_lpcxpresso_1769.a(board.o)
 .debug_abbrev  0x00000876      0x17e C:\Users\matia\Documents\MCUXpressoIDE_10.1.1_606\workspace\lpc_board_nxp_lpcxpresso_1769\Debug\liblpc_board_nxp_lpcxpresso_1769.a(board_sysinit.o)
 .debug_abbrev  0x000009f4      0x14d C:\Users\matia\Documents\MCUXpressoIDE_10.1.1_606\workspace\lpc_chip_175x_6x\Debug\liblpc_chip_175x_6x.a(chip_17xx_40xx.o)
 .debug_abbrev  0x00000b41      0x301 C:\Users\matia\Documents\MCUXpressoIDE_10.1.1_606\workspace\lpc_chip_175x_6x\Debug\liblpc_chip_175x_6x.a(clock_17xx_40xx.o)
 .debug_abbrev  0x00000e42      0x14a C:\Users\matia\Documents\MCUXpressoIDE_10.1.1_606\workspace\lpc_chip_175x_6x\Debug\liblpc_chip_175x_6x.a(iocon_17xx_40xx.o)
 .debug_abbrev  0x00000f8c      0x18a C:\Users\matia\Documents\MCUXpressoIDE_10.1.1_606\workspace\lpc_chip_175x_6x\Debug\liblpc_chip_175x_6x.a(sysinit_17xx_40xx.o)
 .debug_abbrev  0x00001116      0x30c C:\Users\matia\Documents\MCUXpressoIDE_10.1.1_606\workspace\lpc_chip_175x_6x\Debug\liblpc_chip_175x_6x.a(uart_17xx_40xx.o)

.debug_aranges  0x00000000      0x5d8
 .debug_aranges
                0x00000000       0x20 ./lpc_yogurera_proj/src/Proyecto_Yogurera.o
 .debug_aranges
                0x00000020       0x80 ./lpc_yogurera_proj/src/cr_startup_lpc175x_6x.o
 .debug_aranges
                0x000000a0       0x18 ./lpc_yogurera_proj/src/crp.o
 .debug_aranges
                0x000000b8       0x20 ./lpc_yogurera_proj/src/sysinit.o
 .debug_aranges
                0x000000d8       0x58 ./lpc_yogurera_lib/Modulo_de_Relay.o
 .debug_aranges
                0x00000130      0x160 C:\Users\matia\Documents\MCUXpressoIDE_10.1.1_606\workspace\lpc_board_nxp_lpcxpresso_1769\Debug\liblpc_board_nxp_lpcxpresso_1769.a(board.o)
 .debug_aranges
                0x00000290       0x38 C:\Users\matia\Documents\MCUXpressoIDE_10.1.1_606\workspace\lpc_board_nxp_lpcxpresso_1769\Debug\liblpc_board_nxp_lpcxpresso_1769.a(board_sysinit.o)
 .debug_aranges
                0x000002c8       0x38 C:\Users\matia\Documents\MCUXpressoIDE_10.1.1_606\workspace\lpc_chip_175x_6x\Debug\liblpc_chip_175x_6x.a(chip_17xx_40xx.o)
 .debug_aranges
                0x00000300      0x120 C:\Users\matia\Documents\MCUXpressoIDE_10.1.1_606\workspace\lpc_chip_175x_6x\Debug\liblpc_chip_175x_6x.a(clock_17xx_40xx.o)
 .debug_aranges
                0x00000420       0x30 C:\Users\matia\Documents\MCUXpressoIDE_10.1.1_606\workspace\lpc_chip_175x_6x\Debug\liblpc_chip_175x_6x.a(iocon_17xx_40xx.o)
 .debug_aranges
                0x00000450       0x60 C:\Users\matia\Documents\MCUXpressoIDE_10.1.1_606\workspace\lpc_chip_175x_6x\Debug\liblpc_chip_175x_6x.a(sysinit_17xx_40xx.o)
 .debug_aranges
                0x000004b0      0x128 C:\Users\matia\Documents\MCUXpressoIDE_10.1.1_606\workspace\lpc_chip_175x_6x\Debug\liblpc_chip_175x_6x.a(uart_17xx_40xx.o)

.debug_ranges   0x00000000      0x510
 .debug_ranges  0x00000000       0x10 ./lpc_yogurera_proj/src/Proyecto_Yogurera.o
 .debug_ranges  0x00000010       0x70 ./lpc_yogurera_proj/src/cr_startup_lpc175x_6x.o
 .debug_ranges  0x00000080       0x10 ./lpc_yogurera_proj/src/sysinit.o
 .debug_ranges  0x00000090       0x48 ./lpc_yogurera_lib/Modulo_de_Relay.o
 .debug_ranges  0x000000d8      0x150 C:\Users\matia\Documents\MCUXpressoIDE_10.1.1_606\workspace\lpc_board_nxp_lpcxpresso_1769\Debug\liblpc_board_nxp_lpcxpresso_1769.a(board.o)
 .debug_ranges  0x00000228       0x28 C:\Users\matia\Documents\MCUXpressoIDE_10.1.1_606\workspace\lpc_board_nxp_lpcxpresso_1769\Debug\liblpc_board_nxp_lpcxpresso_1769.a(board_sysinit.o)
 .debug_ranges  0x00000250       0x28 C:\Users\matia\Documents\MCUXpressoIDE_10.1.1_606\workspace\lpc_chip_175x_6x\Debug\liblpc_chip_175x_6x.a(chip_17xx_40xx.o)
 .debug_ranges  0x00000278      0x110 C:\Users\matia\Documents\MCUXpressoIDE_10.1.1_606\workspace\lpc_chip_175x_6x\Debug\liblpc_chip_175x_6x.a(clock_17xx_40xx.o)
 .debug_ranges  0x00000388       0x20 C:\Users\matia\Documents\MCUXpressoIDE_10.1.1_606\workspace\lpc_chip_175x_6x\Debug\liblpc_chip_175x_6x.a(iocon_17xx_40xx.o)
 .debug_ranges  0x000003a8       0x50 C:\Users\matia\Documents\MCUXpressoIDE_10.1.1_606\workspace\lpc_chip_175x_6x\Debug\liblpc_chip_175x_6x.a(sysinit_17xx_40xx.o)
 .debug_ranges  0x000003f8      0x118 C:\Users\matia\Documents\MCUXpressoIDE_10.1.1_606\workspace\lpc_chip_175x_6x\Debug\liblpc_chip_175x_6x.a(uart_17xx_40xx.o)

.debug_macro    0x00000000     0x5668
 .debug_macro   0x00000000      0x224 ./lpc_yogurera_proj/src/Proyecto_Yogurera.o
 .debug_macro   0x00000224      0x8c8 ./lpc_yogurera_proj/src/Proyecto_Yogurera.o
 .debug_macro   0x00000aec       0x10 ./lpc_yogurera_proj/src/Proyecto_Yogurera.o
 .debug_macro   0x00000afc      0x12d ./lpc_yogurera_proj/src/Proyecto_Yogurera.o
 .debug_macro   0x00000c29      0x5b2 ./lpc_yogurera_proj/src/Proyecto_Yogurera.o
 .debug_macro   0x000011db       0x22 ./lpc_yogurera_proj/src/Proyecto_Yogurera.o
 .debug_macro   0x000011fd       0x7b ./lpc_yogurera_proj/src/Proyecto_Yogurera.o
 .debug_macro   0x00001278       0x10 ./lpc_yogurera_proj/src/Proyecto_Yogurera.o
 .debug_macro   0x00001288       0x2d ./lpc_yogurera_proj/src/Proyecto_Yogurera.o
 .debug_macro   0x000012b5       0x3a ./lpc_yogurera_proj/src/Proyecto_Yogurera.o
 .debug_macro   0x000012ef       0x2d ./lpc_yogurera_proj/src/Proyecto_Yogurera.o
 .debug_macro   0x0000131c      0xbb1 ./lpc_yogurera_proj/src/Proyecto_Yogurera.o
 .debug_macro   0x00001ecd      0x22c ./lpc_yogurera_proj/src/Proyecto_Yogurera.o
 .debug_macro   0x000020f9       0x42 ./lpc_yogurera_proj/src/Proyecto_Yogurera.o
 .debug_macro   0x0000213b       0x52 ./lpc_yogurera_proj/src/Proyecto_Yogurera.o
 .debug_macro   0x0000218d       0x78 ./lpc_yogurera_proj/src/Proyecto_Yogurera.o
 .debug_macro   0x00002205       0x82 ./lpc_yogurera_proj/src/Proyecto_Yogurera.o
 .debug_macro   0x00002287      0x48c ./lpc_yogurera_proj/src/Proyecto_Yogurera.o
 .debug_macro   0x00002713       0x34 ./lpc_yogurera_proj/src/Proyecto_Yogurera.o
 .debug_macro   0x00002747      0x4c5 ./lpc_yogurera_proj/src/Proyecto_Yogurera.o
 .debug_macro   0x00002c0c      0x1b7 ./lpc_yogurera_proj/src/Proyecto_Yogurera.o
 .debug_macro   0x00002dc3       0x10 ./lpc_yogurera_proj/src/Proyecto_Yogurera.o
 .debug_macro   0x00002dd3      0x21b ./lpc_yogurera_proj/src/Proyecto_Yogurera.o
 .debug_macro   0x00002fee      0x1b9 ./lpc_yogurera_proj/src/Proyecto_Yogurera.o
 .debug_macro   0x000031a7       0x40 ./lpc_yogurera_proj/src/Proyecto_Yogurera.o
 .debug_macro   0x000031e7       0x22 ./lpc_yogurera_proj/src/Proyecto_Yogurera.o
 .debug_macro   0x00003209      0x162 ./lpc_yogurera_proj/src/Proyecto_Yogurera.o
 .debug_macro   0x0000336b       0x94 ./lpc_yogurera_proj/src/Proyecto_Yogurera.o
 .debug_macro   0x000033ff       0xb8 ./lpc_yogurera_proj/src/Proyecto_Yogurera.o
 .debug_macro   0x000034b7       0x4c ./lpc_yogurera_proj/src/Proyecto_Yogurera.o
 .debug_macro   0x00003503       0x16 ./lpc_yogurera_proj/src/Proyecto_Yogurera.o
 .debug_macro   0x00003519      0x328 ./lpc_yogurera_proj/src/Proyecto_Yogurera.o
 .debug_macro   0x00003841       0x49 ./lpc_yogurera_proj/src/Proyecto_Yogurera.o
 .debug_macro   0x0000388a       0x16 ./lpc_yogurera_proj/src/Proyecto_Yogurera.o
 .debug_macro   0x000038a0       0xca ./lpc_yogurera_proj/src/Proyecto_Yogurera.o
 .debug_macro   0x0000396a       0x18 ./lpc_yogurera_proj/src/Proyecto_Yogurera.o
 .debug_macro   0x00003982       0x70 ./lpc_yogurera_proj/src/Proyecto_Yogurera.o
 .debug_macro   0x000039f2       0x9a ./lpc_yogurera_proj/src/Proyecto_Yogurera.o
 .debug_macro   0x00003a8c       0x20 ./lpc_yogurera_proj/src/Proyecto_Yogurera.o
 .debug_macro   0x00003aac       0x28 ./lpc_yogurera_proj/src/Proyecto_Yogurera.o
 .debug_macro   0x00003ad4       0x82 ./lpc_yogurera_proj/src/Proyecto_Yogurera.o
 .debug_macro   0x00003b56       0x1d ./lpc_yogurera_proj/src/cr_startup_lpc175x_6x.o
 .debug_macro   0x00003b73       0x1a ./lpc_yogurera_proj/src/crp.o
 .debug_macro   0x00003b8d       0x34 ./lpc_yogurera_proj/src/crp.o
 .debug_macro   0x00003bc1      0x217 ./lpc_yogurera_proj/src/sysinit.o
 .debug_macro   0x00003dd8      0x21b ./lpc_yogurera_lib/Modulo_de_Relay.o
 .debug_macro   0x00003ff3      0x289 C:\Users\matia\Documents\MCUXpressoIDE_10.1.1_606\workspace\lpc_board_nxp_lpcxpresso_1769\Debug\liblpc_board_nxp_lpcxpresso_1769.a(board.o)
 .debug_macro   0x0000427c      0x8c2 C:\Users\matia\Documents\MCUXpressoIDE_10.1.1_606\workspace\lpc_board_nxp_lpcxpresso_1769\Debug\liblpc_board_nxp_lpcxpresso_1769.a(board.o)
 .debug_macro   0x00004b3e       0x12 C:\Users\matia\Documents\MCUXpressoIDE_10.1.1_606\workspace\lpc_board_nxp_lpcxpresso_1769\Debug\liblpc_board_nxp_lpcxpresso_1769.a(board.o)
 .debug_macro   0x00004b50      0x217 C:\Users\matia\Documents\MCUXpressoIDE_10.1.1_606\workspace\lpc_board_nxp_lpcxpresso_1769\Debug\liblpc_board_nxp_lpcxpresso_1769.a(board_sysinit.o)
 .debug_macro   0x00004d67      0x1cd C:\Users\matia\Documents\MCUXpressoIDE_10.1.1_606\workspace\lpc_chip_175x_6x\Debug\liblpc_chip_175x_6x.a(chip_17xx_40xx.o)
 .debug_macro   0x00004f34      0x1cd C:\Users\matia\Documents\MCUXpressoIDE_10.1.1_606\workspace\lpc_chip_175x_6x\Debug\liblpc_chip_175x_6x.a(clock_17xx_40xx.o)
 .debug_macro   0x00005101      0x1cd C:\Users\matia\Documents\MCUXpressoIDE_10.1.1_606\workspace\lpc_chip_175x_6x\Debug\liblpc_chip_175x_6x.a(iocon_17xx_40xx.o)
 .debug_macro   0x000052ce      0x1cd C:\Users\matia\Documents\MCUXpressoIDE_10.1.1_606\workspace\lpc_chip_175x_6x\Debug\liblpc_chip_175x_6x.a(sysinit_17xx_40xx.o)
 .debug_macro   0x0000549b      0x1cd C:\Users\matia\Documents\MCUXpressoIDE_10.1.1_606\workspace\lpc_chip_175x_6x\Debug\liblpc_chip_175x_6x.a(uart_17xx_40xx.o)

.debug_line     0x00000000     0x398e
 .debug_line    0x00000000      0x54e ./lpc_yogurera_proj/src/Proyecto_Yogurera.o
 .debug_line    0x0000054e       0xe5 ./lpc_yogurera_proj/src/cr_startup_lpc175x_6x.o
 .debug_line    0x00000633       0x87 ./lpc_yogurera_proj/src/crp.o
 .debug_line    0x000006ba      0x4a9 ./lpc_yogurera_proj/src/sysinit.o
 .debug_line    0x00000b63      0x549 ./lpc_yogurera_lib/Modulo_de_Relay.o
 .debug_line    0x000010ac      0x852 C:\Users\matia\Documents\MCUXpressoIDE_10.1.1_606\workspace\lpc_board_nxp_lpcxpresso_1769\Debug\liblpc_board_nxp_lpcxpresso_1769.a(board.o)
 .debug_line    0x000018fe      0x4d7 C:\Users\matia\Documents\MCUXpressoIDE_10.1.1_606\workspace\lpc_board_nxp_lpcxpresso_1769\Debug\liblpc_board_nxp_lpcxpresso_1769.a(board_sysinit.o)
 .debug_line    0x00001dd5      0x457 C:\Users\matia\Documents\MCUXpressoIDE_10.1.1_606\workspace\lpc_chip_175x_6x\Debug\liblpc_chip_175x_6x.a(chip_17xx_40xx.o)
 .debug_line    0x0000222c      0x6d3 C:\Users\matia\Documents\MCUXpressoIDE_10.1.1_606\workspace\lpc_chip_175x_6x\Debug\liblpc_chip_175x_6x.a(clock_17xx_40xx.o)
 .debug_line    0x000028ff      0x443 C:\Users\matia\Documents\MCUXpressoIDE_10.1.1_606\workspace\lpc_chip_175x_6x\Debug\liblpc_chip_175x_6x.a(iocon_17xx_40xx.o)
 .debug_line    0x00002d42      0x4cd C:\Users\matia\Documents\MCUXpressoIDE_10.1.1_606\workspace\lpc_chip_175x_6x\Debug\liblpc_chip_175x_6x.a(sysinit_17xx_40xx.o)
 .debug_line    0x0000320f      0x77f C:\Users\matia\Documents\MCUXpressoIDE_10.1.1_606\workspace\lpc_chip_175x_6x\Debug\liblpc_chip_175x_6x.a(uart_17xx_40xx.o)

.debug_str      0x00000000    0x13260
 .debug_str     0x00000000    0x10ed5 ./lpc_yogurera_proj/src/Proyecto_Yogurera.o
                              0x10fb3 (size before relaxing)
 .debug_str     0x00010ed5      0x1e8 ./lpc_yogurera_proj/src/cr_startup_lpc175x_6x.o
                               0x2789 (size before relaxing)
 .debug_str     0x000110bd       0xfb ./lpc_yogurera_proj/src/crp.o
                               0x268d (size before relaxing)
 .debug_str     0x000111b8       0x2d ./lpc_yogurera_proj/src/sysinit.o
                              0x10b6b (size before relaxing)
 .debug_str     0x000111e5      0x2ae ./lpc_yogurera_lib/Modulo_de_Relay.o
                              0x10deb (size before relaxing)
 .debug_str     0x00011493      0xd86 C:\Users\matia\Documents\MCUXpressoIDE_10.1.1_606\workspace\lpc_board_nxp_lpcxpresso_1769\Debug\liblpc_board_nxp_lpcxpresso_1769.a(board.o)
                              0x11a19 (size before relaxing)
 .debug_str     0x00012219      0x22d C:\Users\matia\Documents\MCUXpressoIDE_10.1.1_606\workspace\lpc_board_nxp_lpcxpresso_1769\Debug\liblpc_board_nxp_lpcxpresso_1769.a(board_sysinit.o)
                              0x10f53 (size before relaxing)
 .debug_str     0x00012446       0xc6 C:\Users\matia\Documents\MCUXpressoIDE_10.1.1_606\workspace\lpc_chip_175x_6x\Debug\liblpc_chip_175x_6x.a(chip_17xx_40xx.o)
                              0x10ba3 (size before relaxing)
 .debug_str     0x0001250c      0x857 C:\Users\matia\Documents\MCUXpressoIDE_10.1.1_606\workspace\lpc_chip_175x_6x\Debug\liblpc_chip_175x_6x.a(clock_17xx_40xx.o)
                              0x11221 (size before relaxing)
 .debug_str     0x00012d63       0x79 C:\Users\matia\Documents\MCUXpressoIDE_10.1.1_606\workspace\lpc_chip_175x_6x\Debug\liblpc_chip_175x_6x.a(iocon_17xx_40xx.o)
                              0x1069e (size before relaxing)
 .debug_str     0x00012ddc       0xc4 C:\Users\matia\Documents\MCUXpressoIDE_10.1.1_606\workspace\lpc_chip_175x_6x\Debug\liblpc_chip_175x_6x.a(sysinit_17xx_40xx.o)
                              0x10886 (size before relaxing)
 .debug_str     0x00012ea0      0x3c0 C:\Users\matia\Documents\MCUXpressoIDE_10.1.1_606\workspace\lpc_chip_175x_6x\Debug\liblpc_chip_175x_6x.a(uart_17xx_40xx.o)
                              0x110f6 (size before relaxing)

.comment        0x00000000       0x7f
 .comment       0x00000000       0x7f ./lpc_yogurera_proj/src/Proyecto_Yogurera.o
                                 0x80 (size before relaxing)
 .comment       0x0000007f       0x80 ./lpc_yogurera_proj/src/cr_startup_lpc175x_6x.o
 .comment       0x0000007f       0x80 ./lpc_yogurera_proj/src/crp.o
 .comment       0x0000007f       0x80 ./lpc_yogurera_proj/src/sysinit.o
 .comment       0x0000007f       0x80 ./lpc_yogurera_lib/Modulo_de_Relay.o
 .comment       0x0000007f       0x80 C:\Users\matia\Documents\MCUXpressoIDE_10.1.1_606\workspace\lpc_board_nxp_lpcxpresso_1769\Debug\liblpc_board_nxp_lpcxpresso_1769.a(board.o)
 .comment       0x0000007f       0x80 C:\Users\matia\Documents\MCUXpressoIDE_10.1.1_606\workspace\lpc_board_nxp_lpcxpresso_1769\Debug\liblpc_board_nxp_lpcxpresso_1769.a(board_sysinit.o)
 .comment       0x0000007f       0x80 C:\Users\matia\Documents\MCUXpressoIDE_10.1.1_606\workspace\lpc_chip_175x_6x\Debug\liblpc_chip_175x_6x.a(chip_17xx_40xx.o)
 .comment       0x0000007f       0x80 C:\Users\matia\Documents\MCUXpressoIDE_10.1.1_606\workspace\lpc_chip_175x_6x\Debug\liblpc_chip_175x_6x.a(clock_17xx_40xx.o)
 .comment       0x0000007f       0x80 C:\Users\matia\Documents\MCUXpressoIDE_10.1.1_606\workspace\lpc_chip_175x_6x\Debug\liblpc_chip_175x_6x.a(iocon_17xx_40xx.o)
 .comment       0x0000007f       0x80 C:\Users\matia\Documents\MCUXpressoIDE_10.1.1_606\workspace\lpc_chip_175x_6x\Debug\liblpc_chip_175x_6x.a(sysinit_17xx_40xx.o)
 .comment       0x0000007f       0x80 C:\Users\matia\Documents\MCUXpressoIDE_10.1.1_606\workspace\lpc_chip_175x_6x\Debug\liblpc_chip_175x_6x.a(uart_17xx_40xx.o)
 .comment       0x0000007f       0x80 c:/nxp/mcuxpressoide_10.1.1_606/ide/tools/bin/../lib/gcc/arm-none-eabi/6.3.1/../../../../arm-none-eabi/lib/thumb/v7-m\libcr_c.a(__weak__main.o)

.ARM.attributes
                0x00000000       0x31
 .ARM.attributes
                0x00000000       0x33 ./lpc_yogurera_proj/src/Proyecto_Yogurera.o
 .ARM.attributes
                0x00000033       0x33 ./lpc_yogurera_proj/src/cr_startup_lpc175x_6x.o
 .ARM.attributes
                0x00000066       0x33 ./lpc_yogurera_proj/src/crp.o
 .ARM.attributes
                0x00000099       0x33 ./lpc_yogurera_proj/src/sysinit.o
 .ARM.attributes
                0x000000cc       0x33 ./lpc_yogurera_lib/Modulo_de_Relay.o
 .ARM.attributes
                0x000000ff       0x33 C:\Users\matia\Documents\MCUXpressoIDE_10.1.1_606\workspace\lpc_board_nxp_lpcxpresso_1769\Debug\liblpc_board_nxp_lpcxpresso_1769.a(board.o)
 .ARM.attributes
                0x00000132       0x33 C:\Users\matia\Documents\MCUXpressoIDE_10.1.1_606\workspace\lpc_board_nxp_lpcxpresso_1769\Debug\liblpc_board_nxp_lpcxpresso_1769.a(board_sysinit.o)
 .ARM.attributes
                0x00000165       0x33 C:\Users\matia\Documents\MCUXpressoIDE_10.1.1_606\workspace\lpc_chip_175x_6x\Debug\liblpc_chip_175x_6x.a(chip_17xx_40xx.o)
 .ARM.attributes
                0x00000198       0x33 C:\Users\matia\Documents\MCUXpressoIDE_10.1.1_606\workspace\lpc_chip_175x_6x\Debug\liblpc_chip_175x_6x.a(clock_17xx_40xx.o)
 .ARM.attributes
                0x000001cb       0x33 C:\Users\matia\Documents\MCUXpressoIDE_10.1.1_606\workspace\lpc_chip_175x_6x\Debug\liblpc_chip_175x_6x.a(iocon_17xx_40xx.o)
 .ARM.attributes
                0x000001fe       0x33 C:\Users\matia\Documents\MCUXpressoIDE_10.1.1_606\workspace\lpc_chip_175x_6x\Debug\liblpc_chip_175x_6x.a(sysinit_17xx_40xx.o)
 .ARM.attributes
                0x00000231       0x33 C:\Users\matia\Documents\MCUXpressoIDE_10.1.1_606\workspace\lpc_chip_175x_6x\Debug\liblpc_chip_175x_6x.a(uart_17xx_40xx.o)
 .ARM.attributes
                0x00000264       0x33 c:/nxp/mcuxpressoide_10.1.1_606/ide/tools/bin/../lib/gcc/arm-none-eabi/6.3.1/../../../../arm-none-eabi/lib/thumb/v7-m\libcr_c.a(__weak__main.o)

.debug_frame    0x00000000     0x156c
 .debug_frame   0x00000000       0x2c ./lpc_yogurera_proj/src/Proyecto_Yogurera.o
 .debug_frame   0x0000002c      0x170 ./lpc_yogurera_proj/src/cr_startup_lpc175x_6x.o
 .debug_frame   0x0000019c       0x34 ./lpc_yogurera_proj/src/sysinit.o
 .debug_frame   0x000001d0      0x140 ./lpc_yogurera_lib/Modulo_de_Relay.o
 .debug_frame   0x00000310      0x5d4 C:\Users\matia\Documents\MCUXpressoIDE_10.1.1_606\workspace\lpc_board_nxp_lpcxpresso_1769\Debug\liblpc_board_nxp_lpcxpresso_1769.a(board.o)
 .debug_frame   0x000008e4       0x8c C:\Users\matia\Documents\MCUXpressoIDE_10.1.1_606\workspace\lpc_board_nxp_lpcxpresso_1769\Debug\liblpc_board_nxp_lpcxpresso_1769.a(board_sysinit.o)
 .debug_frame   0x00000970       0x88 C:\Users\matia\Documents\MCUXpressoIDE_10.1.1_606\workspace\lpc_chip_175x_6x\Debug\liblpc_chip_175x_6x.a(chip_17xx_40xx.o)
 .debug_frame   0x000009f8      0x490 C:\Users\matia\Documents\MCUXpressoIDE_10.1.1_606\workspace\lpc_chip_175x_6x\Debug\liblpc_chip_175x_6x.a(clock_17xx_40xx.o)
 .debug_frame   0x00000e88       0x80 C:\Users\matia\Documents\MCUXpressoIDE_10.1.1_606\workspace\lpc_chip_175x_6x\Debug\liblpc_chip_175x_6x.a(iocon_17xx_40xx.o)
 .debug_frame   0x00000f08      0x12c C:\Users\matia\Documents\MCUXpressoIDE_10.1.1_606\workspace\lpc_chip_175x_6x\Debug\liblpc_chip_175x_6x.a(sysinit_17xx_40xx.o)
 .debug_frame   0x00001034      0x538 C:\Users\matia\Documents\MCUXpressoIDE_10.1.1_606\workspace\lpc_chip_175x_6x\Debug\liblpc_chip_175x_6x.a(uart_17xx_40xx.o)
